mode: set
yugo/test/split/split.go:9.45,12.13 2 1
yugo/test/split/split.go:12.13,16.3 3 1
yugo/test/split/split.go:17.2,18.8 2 1
